# 简述
## 分区（partition）
是将一块物理硬盘按照一定的规则进行划分，划分出多个可以独立使用的存储区域，每个区域称之为“分区”。
可以将每个分区看做一个独立的硬盘，在操作系统中会被识别为一个磁盘盘符，如C、D、E等等。常见的Windows操作系统就是基于分区的存储方式来实现的。

## 逻辑卷（logical volume）
是针对分区的一种概念上的扩展，通过LVM（Logical Volume Manager）技术，将多个独立的硬盘分区组合成一个向操作系统呈现的逻辑磁盘。
这个逻辑磁盘可以在操作系统中被当作一个普通的硬盘来进行使用，可以划分多个文件系统和分区等等。
与分区不同的是，逻辑卷可以对不同物理分区进行组合，相当于对多块物理硬盘的分区进行了统一管理，更加方便和灵活。


# 显示空间相关信息
## 命令：fdisk -l
## 显示所有磁盘和分区信息
示例
```
[root@localhost ~]# fdisk -l
Disk /dev/sda: 1798.7 GB, 1798651772928 bytes, 3512991744 sectors   // 硬盘空间
Units = sectors of 1 * 512 = 512 bytes  // 每个扇区512字节
Disk label type: dos  // 硬盘分区类型
 
   Device Boot      Start         End      Blocks   Id  System
/dev/sda1            2048        6143        2048   83  Linux    // 分区1
/dev/sda2   *        6144     1054719      524288   83  Linux    // 分区2
/dev/sda3         1054720   244340735   121643008   8e  Linux LVM  // 分区3 LVM分区
/dev/sda4       244340736  3512991743  1634325504   8e  Linux LVM  // 分区4 LVM分区
 
Disk /dev/mapper/centos-root: 107.4 GB, 107374182400 bytes, 209715200 sectors  // 逻辑卷
Disk /dev/mapper/centos-swap: 17.2 GB, 17179869184 bytes, 33554432 sectors  // 逻辑卷
```

## 命令：lsblk
## 列出所有块设备（硬盘、分区、逻辑卷等）的信息，包括容量、占用情况、挂载点等
示例
```
NAME            MAJ:MIN RM  SIZE RO TYPE MOUNTPOINT
sda               8:0    0  1.7T  0 disk     // 硬盘
├─sda1            8:1    0    2M  0 part         // 分区1
├─sda2            8:2    0  512M  0 part /boot   // 分区2
├─sda3            8:3    0  116G  0 part         // 分区3
│ ├─centos-root 253:0    0  100G  0 lvm  /      // 分区3下的逻辑卷
│ └─centos-swap 253:1    0   16G  0 lvm  [SWAP] // 分区3下的逻辑卷
└─sda4            8:4    0  1.5T  0 part         // 分区4
sr0              11:0    1 1024M  0 rom            // cdrom
```

## 命令：parted /dev/sda print
## 查看当前分区信息
示例
```
[root@localhost ~]# parted /dev/sda print
 
Model: DELL PERC H710P (scsi)
Disk /dev/sda: 1799GB  // 硬盘空间
Sector size (logical/physical): 512B/512B
Partition Table: msdos
Disk Flags:   // 以下是分区
Number  Start   End     Size    Type     File system  Flags
 1      1049kB  3146kB  2097kB  primary
 2      3146kB  540MB   537MB   primary  xfs          boot
 3      540MB   125GB   125GB   primary               lvm
 4      125GB   1799GB  1674GB  primary               lvm
```


## parted 交互式管理分区
使用parted打开硬盘
```
sudo parted /dev/sda
```

显示分区
```
(parted) print
```

创建新分区
```
# 以下是按顺序创建一个新编号的分区，然后使用剩余的全部空间创建分区
(parted) mkpart primary ext4 0% 100%
# 如果要创建一个500G的分区
(parted) mkpart primary ext4 125GB 625GB // 125和625分区代表开始和结束位置
```

写入磁盘和退出
```
(parted) quit
```


## fdisk 交互式管理分区
fdisk 进入空间
```
sudo fdisk /dev/sda
```

显示当前分区信息
```
(command): p
```

创建新的分区
```
(command): n
(command): p  // 选择p为主分区, 逻辑分区选择l
(command): 4  // 输入分区编号，一般情况下它会默认一个新的顺序编号，直接回车就可以
(command):   // 输入起始位置，一般回车就可以
(command):   // 输入结束位置，+100G表示创建一个100G的分区，如果直接回车则创建剩余空间的分区
(command): wq  // 写入和退出
```

重新加载分区
```
sudo partprobe /dev/sda
```

修改分区
```
(command): t
(command): 4  // 输入需要修改的分区号
(command): 8e  // 输入需要修改的分区类型，83表示一个linux文件系统，8e表示一个linux LVM
(command): p  // 查看
(command): wq  // 保存退出

sudo partprobe /dev/sda  // 重新加载
``` 

# 创建逻辑卷
创建物理卷    
注意：要先创建/dev/sda4分区
```
sudo pvcreate /dev/sda4
```

创建卷组
```
sudo vgcreate <卷组名称> /dev/sda4  (/dev/sda5)  // 如果有多个的话也可以加入同一个卷组
#示例：
sudo vgcreate vg1 /dev/sda4   // 创建一个vg1的卷组
```

创建逻辑卷
```
sudo lvcreate -L 500G -n lv1 <卷组名称>
#示例：
sudo lvcreate -L 500G -n lv1 vg1    // 在vg1的卷组下创建一个lv1的大小为500G的逻辑卷
```

格式化逻辑卷
```
sudo mkfs.ext4 /dev/vg1/lv1   // 这里使用ext4文件系统格式化lv1逻辑卷
```

挂载逻辑卷
```
mount /dev/vg1/lv1 /var/lib/docker  // 把lv1逻辑卷挂载到/var/lib/docker目录
```

# 查看逻辑卷
查看物理卷
```
pvdisplay
```

查看所有卷组
```
vgdisplay
```

查看卷组下的所有卷
```
lvdisplay <卷组名称>
```

快捷命令
```
lvs   // 查看逻辑卷情况
vgs   // 查看卷组情况
pvs   // 查看物理卷情况
```

# 删除逻辑卷
卸载该逻辑卷
```
umount /dev/vg1/lv1
```

删除逻辑卷
```
lvremove /dev/vg1/lv1
```

删除卷组
```
vgremove /dev/vg1
```

删除物理卷
```
vgremove /dev/sda4
```

# 把docker挂载和迁移到新卷
第一步，先创建新卷    

第二步，停止docker    
```
systemctl stop docker
```

第三步，把docker数据复制到新卷上
```
rsync -aqxP /var/lib/docker /dev/docker/data
```

第四步，删除原数据
```
rm -rf /var/lib/docker/*
```

第五步，挂载新卷
```
mount /dev/docker/data /var/lib/docker
```

第六步，启动docker
```
systemctl start docker
```

其它，docker镜像和容器数据默认是在/var/lib/docker目录下，如果想把容器数据存到其它目录，可以修改如下配置：
```
vim /etc/docker/daemon.json

{
  "registry-mirrors": ["https://docker.mirrors.ustc.edu.cn"],   // 镜像地址
  "log-driver": "json-file",   // 日志相关设置
  "log-level": "warn",
  "log-opts": {
    "max-size": "10m",
    "max-file": "3"
  },
  "storage-driver": "overlay2",  //  存储引擎
  "storage-opts": [
    "dm.thinpooldev=/dev/mapper/vg_docker-thinpool"   // 指定卷
  ]
}
```


# parted和fdisk有什么区别?
1. 分区类型不同：parted支持多种分区类型（如GPT和MSDOS），而fdisk仅支持MSDOS分区类型。
2. 逻辑分区数不同：fdisk对主分区和扩展分区的逻辑分区数有限制，而parted中逻辑分区数没有限制。
3. 单位不同：fdisk使用柱面作为单位，而parted使用MB、GB等为单位。
4. 支持文件系统类型不同：parted支持更多的文件系统类型，包括ext3、ext4、ntfs、reiserfs等，而fdisk的支持的文件系统类型有限。
5. 操作方式不同：fdisk是交互式的操作方式，而parted支持命令行和交互式两种方式。
总结：    
parted比fdisk更加灵活和功能更强大，特别是对于GPT分区类型和大容量磁盘的处理上，parted更为适用。但对于小型的、简单的磁盘分区操作，fdisk则更加方便和易用
 

# 分区类型有哪些？
1. Primary Partition（主分区）：可以安装操作系统和存储数据，一个硬盘最多能分4个主分区（MBR 分区表），或128个主分区（GPT 分区表）。
2. Extended Partition（扩展分区）：如果需要存放更多的分区，可以将一个主分区改成扩展分区，然后在扩展分区内创建多个逻辑分区。一个硬盘只能有一个扩展分区。
3. Logical Partition（逻辑分区）：存在于扩展分区内，其与主分区一样，在其中可安装操作系统和存储数据。
4. System Reserved Partition（系统保留分区）：存储引导操作系统所需的文件，在 Windows 操作系统中，它一般会占用 350MB 的空间。
5. EFI System Partition（EFI 系统分区）：专为 UEFI（Unified Extensible Firmware Interface，统一可扩展固件接口）实现的一种系统分区，其中存储了启动上下文和启动选项文件。
6. Recovery Partition（恢复分区）：存储操作系统恢复所需的文件和数据，当系统出现问题时，可以通过此分区来还原系统。
 

# 常用的文件系统有哪些？
1. FAT（FAT16、FAT32）: 文件分配表，用于 Windows 系统。限制是文件名长度不能超过8个字符，扩展名不能超过3个字符。
2. NTFS: 新技术文件系统，用于 Windows 系统。支持文件权限、加密、数据压缩等高级功能。
3. HFS+: Macintosh 的文件系统，支持文件权限、日历、元数据等功能。
4. ext2/ext3/ext4: Linux 的主流文件系统，ext2 是早期版本，ext3 提供了日志功能，ext4 在此基础上支持更大容量、更高文件系统性能、更高的数据加密和元数据校验等功能。
5. XFS: 适用于高性能服务器等大规模存储系统，支持高并发和高吞吐能力。
6. ZFS: 支持快照、文件系统容量限制、数据压缩、错误校正等高级功能，主要用于 Solaris 和 FreeBSD 等系统。
